Script started on 2020-05-04 22:06:46-04:00 [TERM="xterm-kitty" TTY="/dev/pts/1" COLUMNS="98" LINES="35"]
]0;david@davidreidsma:~/Programming/Calvin/cs214/extra_cred_lab[david@davidreidsma extra_cred_lab]$ clojure
Clojure 1.10.1
user=> (map in c[   n c [1 2 3 4])
(2 3 4 5)
user=> (map - [1 2 3 4])
(-1 -2 -3 -4)
(user=> (map - [1 2 3 4] [1 2 3 4])
(0 0 0 0)
user=> map   (map even  ? [1 2 3 4])
(false true false true)
user=> (map str ["a" "b" "c"] ['A"   "A" "B" "C"])
("aA" "bB" "cC")
user=> (map count [[11] [11 22] [11 22 33]) ])
(1 2 3)
user=> (map + [1 2 3 4] [1 2 3   4])
(2 4 6 8)
user=> (map * [1 2 3 4] [1 2 3 4])
(1 4 9 16)
user=> (Math/abs -3)
3
user=> (map Math/abs [-1 2 -3 4 -5) ])
Syntax error compiling at (REPL:1:1).
Unable to find static field: abs in class java.lang.Math
user=> (map (fn [x] (if (x < x 0) (- x) x)) [-1 2 -3 4 5 -5])
(1 2 3 4 5)
user=> (defn subtract-n [n sequence] (map (fn [x] (- x n  )) sequence))
#'user/subtract-n
user=> (subtract0n  -n 2 [5 6 7 8])
(3 4 5 6)
user=> (filter odd? [1 2 3 4])
(1 3)
user=> (filter even? [1 2 3 4])
(2 4)
user=> (filter neg? [1 2 3 4])
()
user=> (filter neg? [-1 2 1 -2 2 -3 3])
(-1 -2 -3)
user=> (filter pos? [-1 1 -2 2 -3 3])
(1 2 3)
user=> (filter (fn [x] (and (pos? x) (even? x))) [-1 1 -2 2 -3 3 -4 4])
(2 4)
user=> (filter (fn [x] (or (neg? x  ) (odd? x))) [-1 1 -2 2 -3 3 -4 4])
(-1 1 -2 -3 3 -4)
user=> 
]0;david@davidreidsma:~/Programming/Calvin/cs214/extra_cred_lab[david@davidreidsma extra_cred_lab]$ exit

Script done on 2020-05-04 22:20:20-04:00 [COMMAND_EXIT_CODE="0"]
